12.x
1nstaller
4Dgifts
6.x
94jo3dkru4
__super
aaa
aaAdmin
aadbo
aaPower
aaUser
acc
access
access-admin
accounting
acer
Adam
ADAMS
adfexc
adip
ADLDEMO
adm
ADM
admi
Admin
ADMIN
admin
Admin1
admin1
admin2
Admin5
admin@admin.com
admin@admin.test
admin@company.com
admin@example.com
admin@local.host
admin@thehive.local
AdminGPON
Administrador
administrador
Administrator
ADMINISTRATOR
administrator
adminlvjh
adminstat
adminstrator
adminttd
adminuser
adminview
admn
ADMN
admuser
ADONI
ADONIS
ADSL
adsl
ADVMAIL
AdvWebadmin
Airaya
akkadianuser
alien
ALLIN1
ALLIN1MAIL
ALLINONE
Alphanetworks
ami
ANDY
anon
Anonymous
anonymous
AP
AP2SVP
apache
aparker
apc
APL2PP
APPLSYS
APPLSYSPUB
APPS
APPUSER
AQ
AQDEMO
AQJAVA
AQUSER
ARAdmin
arcane
ARCHIVIST
arcsight
ARIS9
at4400
atx
AUDIOUSER
Audrey
AURORA$JIS$UTILITY$
AURORA$ORB$UNAUTHENTICATED
AURORA@ORB@UNAUTHENTICATED
author
autocad
AUTOLOG1
aws
azure
azureuser
backbox
BACKUP
backup
backuponly
backuprestore
basisk
BATCH
BATCH1
BATCH2
bbs
bbsd-client
BC4J
bciim
bcim
bcms
bcnas
beef
Best1_User
bewan
Bill
billy-bob
bin
bitnami
Blaeri
BLAKE
blue
Bobo
bootstrap
boss
both
bpel
BRIO_ADMIN
browse
bsxuser
bubba
builtin
cablecom
cac_admin
cassandra
CATALOG
CCC
ccrusr
CDEMO82
CDEMOCOR
CDEMORID
CDEMOUCB
cellit
centos
CENTRA
cgadmin
changeme
checkfs
checkfsys
checksys
CHEY_ARCHSVR
cic
CICSUSER
CIDS
cipherlocal
circ
CIS
Cisco
cisco
CISCO15
CISINFO
citel
Clarissa
CLARK
ClearOne
clearone
client
cloud
cmaker
cmc
cmkadmin
CMSBATCH
CMSUSER
cn=orcladmin
Coco
comcast
COMPANY
COMPIERE
computer
conferencing
config
contabil
core
corecess
corelight
CPNUC
CPRM
CQSCHEMAUSER
craft
Craft
Crowd
crowd-openid-server
CSG
CSMIG
CSPUSER
ctb_admin
CTXDEMO
CTXSYS
cumulus
cusadmin
cust
customer
CVIEW
cxsdk
cyber
cyberoam
D-Link
d.e.b.u.g
dadmin
daemon
dasusr1
DATAMOVE
davox
db2admin
db2fenc1
db2inst1
DBA
dba
dbadmin
dbase
DBDCCICS
DBI
DBSNMP
DCL
dcmadmin
DDIC
debian
debug
DECMAIL
DECNET
decoder
default
DEFAULT
default.password
defug
demo
DEMO
Demo
DEMO1
DEMO2
DEMO3
DEMO4
DEMO8
DEMO9
demos
Denny
DES
deskalt
deskman
desknorm
deskres
DESQUETOP
dev
DEV2000_DEMOS
Developer
device
devicehaecived
dhs3mt
dhs3pms
diag
digicel
DIP
DIRECT
DIRMAINT
disabledsystemuser
DISCOVERER_ADMIN
DISKCNT
distrib
disttech
ditto
dni
docker
dos
dpn
draytek
Draytek
dropreallocal
DS
DSA
DSGATEWAY
DSL
DSNVSUser
DSServiceUser
DSSYS
DTA
dvstation
dx8100adm
e250
e500
e8c
EAdmin
eagle
EARLYWATCH
ec2-user
echo
edimax
editor
egcr
EJSADMIN
elastic
emaq
EMP
empireadmin
enable
eng
engineer
engmode
enquiry
epiq_api
EPSONWEB
Epuser
EREP
ESSEX
estagiario
ESTOREUSER
ESubscriber
EVENT
EXAMPLES
EXFSYS
expert
Ezsetup
Factory
factory
fal
fam
fastwire
FAX
fax
FAXUSER
FAXWORKS
FB
fedora
fg_sysadmin
FIELD
field
FINANCE
financeiro
firstsite
fiscal
Flo
FND
FORSE
FROSTY
FSFADMIN
FSFTASK1
FSFTASK2
ftp
ftp_admi
ftp_inst
ftp_nmc
ftp_oper
ftpuser
fwadmin
games
GATEWAY
gcp
GCS
gdadmin
Gearguy
GEN1
GEN2
gerente
gitlab
GL
glftpd
GlobalAdmin
glpi
god1
god2
gohacking
gonzo
gopher
GPFD
GPLD
grafana
gropher
gts
guacadmin
guest
GUEST
Guest
guest1
guru
halt
HCPARK
HELLO
hello
HELP
helpdesk
HELPDESK
HLW
host
HOST
HPLASER
HPSupport
hqadmin
HR
hsa
hscroot
HTTP
huawei
hydrasna
I2b2demodata
I2b2demodata2
I2b2hive
I2b2metadata
I2b2metadata2
I2b2workdata
I2b2workdata2
ibadmin
ibm
IBMUSER
ibrix
iceman
icingaadmin
iclock
IDMS
IDMSSE
IEUser
IIPS
ilom-admin
ilom-operator
ilon
images
IMAGEUSER
IMEDIA
inads
INFO
info
informix
INGRES
init
install
Installer
installer
instrument
integrator
intel
intermec
internal
IntraStack
IntraSwitch
ioFTPD
IPC
IPFSERV
IS_$hostname
ishlab
ishlocal
isp
ISPVM
itsadmin
IVPM1
IVPM2
j2deployer
jagadmin
james
jamfsoftware
jasperadmin
JDE
jdoe
jeedom
jenkins
jens
Jetform
jj
JMUSER
joe
Joe
joeuser
john
johnson
JONES
jvc
JWARD
kali
kermit
keycloak-admin
KeyOperator
keyscan
khan
kibanaserver
kodi
l2
L2LDEMO
l3
lam
lansweeperuser
LASER
LASERWRITER
LBACSYS
ldap
LDAP_Anonymous
LENEL
LessonUser1
LessonUser2
lexar
LIBRARIAN
LIBRARY
Liebert
LINK
linksys
live
localadmin
LocalAdministrator
LocalComServer
LocalService
locate
login
Lonnie
lp
lpadm
lpadmin
LR-ISDN
LUCENT01
LUCENT02
luke
lynx
m1122
mac
mail
MAIL
mailadmin
MAILER
MAINT
maint
maint1
maint2
maintainer
maintenance
man
manage
MANAGER
Manager
manager
managers
manuf
mariadb
mary
master
MASTER
maxadmin
maxreg
MBMANAGER
MBWATCH
McdataSE
mcUser
MCUser
MCVEADMIN
MD110
MDaemon
MDDEMO
MDDEMO_CLERK
MDDEMO_MGR
MDSYS
me
mediator
memotec
Menara
mfd
MFG
MGE
MGR
MGWUSER
MICRO
MIGRATE
MILLER
minioadmin
Minnie
mlusr
MMO2
mobile
MODTEST
Moe
MOESERV
monitor
MOREAU
mother
mountfs
mountfsys
mountsys
mqm
msf
msfdev
MSHOME
mso
mssplocal
mssql
mtch
mtcl
MTS_USER
MTSSYS
MTYSYS
museadmin
musi1921
MXAGENT
mxintadm
mydlp
mysql
n.a
naadmin
nacos
nagios
nagiosadmin
NAMES
nasadmin
NAU
ncrm
neo
neo4j
nesslocal
netadmin
netbotz
NETCON
netlink
NetLinx
netman
NETMGR
NETNONPRIV
NETOP
netopia
NETPRIV
netrangr
netscreen
NETSERVER
netwitness
NETWORK
NEVIEW
NEWINGRES
news
NEWS
newuser
nexthink
nginx
Nice-admin
NICONEX
nm2user
nms
nmt
nobody
noc
nop
normal
nqadmin
nquser
NSA
nsoclocal
nsroot
ntpupdate
nutanix
nuucp
nxadmin
OAS_PUBLIC
OCITEST
ODM
ODM_MTR
ods
ODS
ODSCOMMON
OE
oem
OEMADM
OEMREP
OLAPDBA
OLAPSVR
OLAPSYS
OLTSEP
OMWB_EMULATION
on
onlime_r
OO
op
OP1
opc
openfiler
openhabian
openplc
OPENSPIRIT
Oper
OPER
operador
OPERATIONS
OPERATNS
operator
OPERATOR
Operator
OPERVAX
ORACACHE
oracle
ORAREGSYS
ORASSO
ORDPLUGINS
ORDSYS
OSE$HTTP$ADMIN
osmc
OSP22
ostadmin
OUTLN
OutOfBox
overseer
ovwebusr
OWA
OWA_PUBLIC
OWNER
PACSLinkIP
pamadmin
PANAMA
parrot
patrol
PATROL
PBX
PCUSER
PDMREMI
PDP11
PDP8
pelco
PENG
pepino
PERFSTAT
PFCUser
PHANTOM
pi
piranha
pix
PLEX
PLMIMService
PLSQL
PM
pmd
PMEAdmin
pnadmin
PO
PO7
PO8
politically
poll
Polycom
PORTAL30
PORTAL30_DEMO
PORTAL30_PUBLIC
PORTAL30_SSO
PORTAL30_SSO_PS
PORTAL30_SSO_PUBLIC
POST
post-only
postfix
postgres
POSTMASTER
postmaster
POWERCARTUSER
POWERCHUTE
powerdown
praisenetwork
PRIMARY
prime
primenet
primeos
primos_cs
PRINT
PRINTER
PRIV
PROCAL
PRODBM
PRODCICS
PRODDTA
productadmin
professor
PROG
PROMAIL
prtgadmin
PSEAdmin
PSFMAINT
PUBLIC
public
PUBSUB
PUBSUB1
PVM
pw
pwrchute
QCC
QDBA
qpgmr
QS
QS_ADM
QS_CB
QS_CBADM
QS_CS
QS_ES
QS_OS
QS_WS
qsecofr
qserv
qsrv
QSRV
qsrvbas
qsvr
qsysopr
questra
quser
radius
radware
RAID
rapport
rcust
rdc123
RDM470
RE
read
readonly
readwrite
recover
recovery
redline
remotessh
REP_MANAGER
REP_OWNER
REPADMIN
replication-receiver
Replicator
replicator
REPORT
REPORTS_USER
restoreonly
rh
ripeop
rje
RJE
RMAIL
RMAN
RMUser1
RNIServiceManager
ro
rocky
Rodopi
role
role1
roo
root
ROOT
root@localhost
ROUTER
rsadmin
RSBCMON
RSCS
RSCSV2
rw
rwa
s1stem
sa
SA
SABRE
sadmin
safewaylocal
SAMPLE
SAP
SAPCPIC
SAPR3
satan
savelogs
SAVSYS
SBAdmin
scadabr
scmadmin
scott
SCOTT
scout
scpuser
scrutremote
scwuser
SDOS_ICSAP
sec4us
SECDEMO
secoff
secofr
secure
security
sedacm
self
SENTINEL
serial#
Service
service
SERVICECONSUMER1
servicedesk
servlet
setpriv
setup
SETUP
SFCMI
SFCNTRL
SH
shutdown
signa
simulation
siteadmin
SITEMINDER
SLIDE
SMART
smc
SMDR
SMSAdmin
snake
snmp
soc
software
solr
sonos
spcl
splunk
SPOOLMAN
SQLDBA
SQLUSER
SSA
ssadmin
ssladmin
ssp
STARTER
status
stefaninilocal
storwatch
STRAT_USER
stratacom
stuccoboy
student
STUDENT
su
super
super.super
superadmin
superdba
superman
SuperUser
SUPERUSER
superuser
SUPERVISOR
supervisor
suporte
support
sweex
SWPRO
SWUSER
Symbol
SYMPA
sync
sys
SYS
SYSA
sysadm
SYSADM
SYSADMIN
sysadmin
sysbin
SYSCKP
SYSDBA
sysdiag
SYSDUMP1
SYSERR
SYSMAINT
SYSMAN
Sysop
sysopr
system
SYSTEM
system/manager
system_admin
SYSTEST
SYSTEST_CLIG
SYSWRM
t3admin
TAHITI
taranis
target
tasman
Tasman
TDISK
TDOS_ICSAP
teacher
teccloudlocal
tech
technician
telco
tele
telecom
Telecom
telecomadmin
TELEDEMO
tellabs
temp
TEMP
temp1
tempestlocal
temporario
test
TEST
teste
TESTPILOT
thehive@thehive.local
theman
ti
tiara
tiger
TMAR#HWMT8007079
TMSADM
TOAD
tomcat
toor
topadmin
topicalt
topicnorm
topicres
tour
TPSLocalServer
TRACESRV
TRACESVR
TRAVEL
trmcnfg
trouble
TSAFVM
TSDEV
TSUSER
TURBINE
tutor
UAMIS_
ubnt
ubuntu
ucdpadmin
ucenik23
UETP
ui
ULTIMATE
umountfs
umountfsys
umountsys
UNITY_
unix
UOMNI_
USER
user
User
USER0
USER1
USER2
USER3
USER4
USER5
USER6
USER7
USER8
USER9
user_analyst
user_approver
user_author
user_checker
user_designer
user_editor
user_expert
user_marketer
user_pricer
user_publisher
USER_TEMPLATE
USERID
username
Username
userNotUsed
USERP
usuario
UTLBSTATU
uucp
uucpadm
UVPIM_
uwmadmin
vagrant
VASTEST
VAX
vcr
VCSRV
veda
vgnadmin
VIDEOUSER
viewer
viewuser
VIF_DEVELOPER
vikram
VIRUSER
visionlocal
visitante
VM3812
VMARCH
VMASMON
VMASSYS
VMBACKUP
VMBSYSAD
VMMAP
VMS
VMTAPE
VMTLIBR
VMUTIL
VNC
voadmin
vodafone
VOL-0215
volition
vpasp
VRR1
VSEIPO
VSEMAINT
VSEMAN
vt100
VTAM
VTAMUSER
WANGTEK
wasadmin
wazuh
wazuh-wui
web
web_api
WEBADM
webadmin
WebAdmin
WEBCAL01
webdb
WEBDB
WEBLOGIC
weblogic
webmaster
WEBREAD
websecadm
webshield
whd
WinCCAdmin
WinCCConnect
WINDOWS_PASSTHRU
WINSABRE
WKSYS
wlcsystem
wlpisystem
wlse
wlseuser
workstation
WP
wpsadmin
wradmin
write
wVQxyQec
wwAdmin
wwdbo
wwPower
wwUser
www
WWW
WWWUSER
xampp
xbox
xd
xmi_demo
XPRT
XXSESS_MGRYY
Yak
youitlab
zabbix
ZXDSL
zyfwp
mgnt
mgnt0
mgnt1
mgnt2
mgnt3
mgnt4
mgnt5
mgnt6
mgnt7
mgnt8
mgnt9
mngt
mngt0
mngt1
mngt2
mngt3
mngt4
mngt5
mngt6
mngt7
mngt8
mngt9
mng
mng0
mng1
mng2
mng3
mng4
mng5
mng6
mng7
mng8
mng9
danj
adamb
alans
chrisn
dianet
christk
frankm1
karimm
danp
jeffh
garthf
cesarg
christg
jackc
davidm
alanb
davids
annal
eduardd
spencel
kellyw
mollyc
larryz
arturol
aprils
aaronp
andrewm
dianep
arthury
brads
amya
stevel
juliani
scottb
kellyk
stano
miken
jennim
keithd
joses
lenea
barryj
ellena
bens
davidz
carolt
erikac
briang
syeda
pedert
maryc
lisaa
jiml
garethc
karinl
davidh
meravs
reinac
robiny
peters
vladime
estherv
lorik
cliffd
cheny
bernart
aris
anud
allang
tobyn
tado
jeffw
frankm
williav
sameert
jonj
miker
roberto
lisam
jasonc
jimc
jesuse
idanr
donh
blained
annew
allisob
valeryu
toshm
sanjayp
rolandw
davidd
johny
scottr
humbera
davids1
andersm
alexans
stuartm
qiongw
michiko
michaez
maurict
guidop
jessica
chasec
terrenp
hugog
jeremyl
johng
linaa
markh
jakas
stevenw
doughm
andread
carlosg
chrism
danb
danield
jamesw
scottm
reneel
carid
alfonsp
matth
lorrain
ibent
magnush
erica
corinnb
treyp
johnk
parnak
kimr
jank
thomash
lolans
larsh
jillf
joell
johne
junc
tonyw
kennetc
stevem
lubork
michael
michal1
michaes
rayc
dianeg
kenm
manueam
lucad
ivos
howardg
elizaba
denisd
davidw
chrisb
aylak
alisal
simonr
robb
hazema
nedf
richart
donf
daven
christr
tedb
seanp
raym
miket
margara
jespera
dannio
andyj
mchielw
nuriag
tyc
cassieh
seanc
toddr
tail
gregw
sanjays
tonip
jimd
tomy
kerimh
jamier
yex
markoz
fabricc
pavels
vernettp
nates
tinam
neilo
lukaa
euang
eranh
michaeo
kima
roby
terrye
michaem
svenb
ericg
jellev
erikg
dominip
danh
tinal
nunof
marus
marcf
karif
karenb
iant
scottg
ginab
anneliz
davidb
aliciat
marcelt
tonym
sunilk
simonp
pauld
katet
chrisg
stephed
olivief
michelf
arleneh
pieterw
erwinz
lukask
kene
justint
jong
job
hansg
davidb1
maried
kevink
kaia
manishc
sunilu
luisb
kevinv
christj
felipem
johnev
heinrif
kirkj
brianc
patricd
rong
shmuely
phyllih
jennyl
jordaom
joshe
chrisj
krisj
chrisjoh
chrisjohn
chrisjohns
administrator@contoso.com
admin@contoso.com
user@contoso.com
helpdesk@contoso.com
support@contoso.com
service@contoso.com
noreply@contoso.com
svc@contoso.com
megan@contoso.com
lynne@contoso.com
pradeep@contoso.com
adele@contoso.com
lee@contoso.com
alex@contoso.com
miriam@contoso.com
isaiah@contoso.com
johanna@contoso.com
nestor@contoso.com
patti@contoso.com
grady@contoso.com
joni@contoso.com
debra@contoso.com
henrietta@contoso.com
lidia@contoso.com
sergio@contoso.com
megan
lynne
pradeep
adele
miriam
isaiah
johanna
nestor
patti
grady
joni
debra
henrietta
lidia
sergio
acme
acmecorp
acme.admin
acme.user
acme.svc
krbtgt
DefaultAccount
WDAGUtilityAccount
svc
svc_admin
svc-admin
svc.admin
svc_backup
svc-backup
svc.backup
svc_scan
svc-scan
svc_helpdesk
svc-helpdesk
svc_ldap
svc-ldap
svc.ldap
svc_dev
svc-dev
svc.dev
svc_ops
svc-ops
svc_alfresco
svc-alfresco
svc_web
svc-web
svc_db
svc-db
svc_mail
svc-mail
svc_monitor
svc-monitor
svc_deploy
svc-deploy
svc_jenkins
svc-jenkins
svc_gitlab
svc-gitlab
svc_sql
svc-sql
svc_iis
svc-iis
svc_sharepoint
svc-sharepoint
hr
it
finance
ops
legal
sales
marketing
payroll
accounts
audit
monitoring
scan
developer
devops
secadmin
acmeadmin
acmeuser
acme-admin
acme-user
testuser
testadmin
demouser
demoadmin
alice
bob
charlie
dave
eve
jane
mark
mike
sarah
tom
peter
lisa
kate
chris
adam
anna
ben
carl
dana
eric
frank
grace
henry
iris
jack
karen
larry
nick
olivia
paul
quinn
rachel
steve
tina
victor
wendy
xavier
yvonne
zack
user1
user2
user3
test1
test2
test3
it1
it2
dev1
dev2
ops1
ops2
helpdesk1
helpdesk2
support1
support2
admin@acme.com
user@acme.com
admin@acme.local
user@acme.local
helpdesk@acme.com
it@acme.com
hr@acme.com
dev@acme.com
support@acme.com
svc@acme.com
svc@acme.local
backup@acme.com
admin@acme.org
user@acme.org
sysadmin@acme.com
coyote
wile
wilee
runner
da
domainadmin
domain.admin
da-admin
cadmin
corpAdmin
corpadmin
